{
  "fraud_probability": 0,
  "is_fraud": false,
  "product_id": 114,
  "risk_level": "",
  "seller_id": 2,
  "timestamp": "2026-03-10T18:06:10+08:00"
}
{
  "fraud_probability": 0,
  "is_fraud": false,
  "product_id": 115,
  "risk_level": "",
  "seller_id": 2,
  "timestamp": "2026-03-10T18:07:44+08:00"
}
{
  "fraud_probability": 0,
  "is_fraud": false,
  "product_id": 116,
  "risk_level": "",
  "seller_id": 2,
  "timestamp": "2026-03-10T18:40:50+08:00"
}
{
  "fraud_probability": 0,
  "is_fraud": false,
  "product_id": 117,
  "risk_level": "",
  "seller_id": 2,
  "timestamp": "2026-03-10T19:04:40+08:00"
}
{
  "fraud_probability": 0,
  "is_fraud": false,
  "product_id": 119,
  "risk_level": "",
  "seller_id": 41,
  "timestamp": "2026-03-12T15:10:20+08:00"
}
{
  "fraud_probability": 0,
  "is_fraud": false,
  "product_id": 120,
  "risk_level": "",
  "seller_id": 41,
  "timestamp": "2026-03-16T13:27:33+08:00"
}
{
  "fraud_probability": 0,
  "is_fraud": false,
  "product_id": 121,
  "risk_level": "",
  "seller_id": 4,
  "timestamp": "2026-03-16T13:36:57+08:00"
}
{
  "fraud_probability": 0,
  "is_fraud": false,
  "product_id": 122,
  "risk_level": "",
  "seller_id": 2,
  "timestamp": "2026-03-16T13:40:52+08:00"
}
{
  "fraud_probability": 0,
  "is_fraud": false,
  "product_id": 123,
  "risk_level": "",
  "seller_id": 4,
  "timestamp": "2026-03-16T14:03:34+08:00"
}
{
  "fraud_probability": 0,
  "is_fraud": false,
  "product_id": 127,
  "risk_level": "",
  "seller_id": 20,
  "timestamp": "2026-03-17T16:02:08+08:00"
}
{
  "fraud_probability": 0,
  "is_fraud": false,
  "product_id": 130,
  "risk_level": "",
  "seller_id": 51,
  "timestamp": "2026-03-17T16:48:11+08:00"
}
{
  "fraud_probability": 0,
  "is_fraud": false,
  "product_id": 244,
  "risk_level": "",
  "seller_id": 22,
  "timestamp": "2026-03-17T22:04:00+08:00"
}
{
  "fraud_probability": 0,
  "is_fraud": false,
  "product_id": 137,
  "risk_level": "",
  "seller_id": 55,
  "timestamp": "2026-03-23T14:28:35+08:00"
}
{
  "fraud_probability": 0,
  "is_fraud": false,
  "product_id": 138,
  "risk_level": "",
  "seller_id": 55,
  "timestamp": "2026-03-23T14:29:16+08:00"
}
